\BOOKMARK [1][-]{section.1}{\376\377\137\025\212\000}{}% 1
\BOOKMARK [1][-]{section.2}{\376\377\166\370\121\163\135\345\117\134}{}% 2
\BOOKMARK [2][-]{subsection.2.1}{\376\377\131\047\152\041\127\213\116\016\131\032\152\041\140\001\143\250\164\006\147\015\122\241}{section.2}% 3
\BOOKMARK [2][-]{subsection.2.2}{\376\377\122\006\171\273\137\017\143\250\164\006}{section.2}% 4
\BOOKMARK [2][-]{subsection.2.3}{\376\377\142\151\145\143\152\041\127\213\136\166\210\114\143\250\164\006}{section.2}% 5
\BOOKMARK [2][-]{subsection.2.4}{\376\377\137\002\147\204\220\350\177\162}{section.2}% 6
\BOOKMARK [2][-]{subsection.2.5}{\376\377\143\250\164\006\177\023\133\130\142\200\147\057}{section.2}% 7
\BOOKMARK [1][-]{section.3}{\376\377\174\373\176\337\213\276\213\241}{}% 8
\BOOKMARK [2][-]{subsection.3.1}{\376\377\174\373\176\337\145\164\117\123\147\266\147\204}{section.3}% 9
\BOOKMARK [2][-]{subsection.3.2}{\376\377\000S\000t\000a\000g\000e\122\006\171\273\116\016\137\002\147\204\220\350\177\162}{section.3}% 10
\BOOKMARK [3][-]{subsubsection.3.2.1}{\376\377\000S\000t\000a\000g\000e\122\006\171\273\213\276\213\241}{subsection.3.2}% 11
\BOOKMARK [3][-]{subsubsection.3.2.2}{\376\377\137\002\147\204\170\154\116\366\116\262\124\214\140\047\123\071\221\115}{subsection.3.2}% 12
\BOOKMARK [3][-]{subsubsection.3.2.3}{\376\377\213\276\131\007\142\323\142\121}{subsection.3.2}% 13
\BOOKMARK [2][-]{subsection.3.3}{\376\377\215\350\170\154\116\366\155\101\154\064\176\277\214\003\136\246}{section.3}% 14
\BOOKMARK [3][-]{subsubsection.3.3.1}{\376\377\116\373\122\241\226\037\122\027\173\241\164\006}{subsection.3.3}% 15
\BOOKMARK [3][-]{subsubsection.3.3.2}{\376\377\122\250\140\001\142\171\131\004\164\006\173\126\165\145}{subsection.3.3}% 16
\BOOKMARK [3][-]{subsubsection.3.3.3}{\376\377\137\002\153\145\155\101\154\064\176\277\214\003\136\246}{subsection.3.3}% 17
\BOOKMARK [2][-]{subsection.3.4}{\376\377\122\006\134\102\124\057\122\250\177\023\133\130}{section.3}% 18
\BOOKMARK [3][-]{subsubsection.3.4.1}{\376\377\116\011\176\247\177\023\133\130\176\323\147\204}{subsection.3.4}% 19
\BOOKMARK [3][-]{subsubsection.3.4.2}{\376\377\177\023\133\130\230\204\122\240\217\175\116\016\155\330\154\160\173\126\165\145}{subsection.3.4}% 20
\BOOKMARK [2][-]{subsection.3.5}{\376\377\176\323\147\234\200\132\124\010\152\041\127\127}{section.3}% 21
\BOOKMARK [1][-]{section.4}{\376\377\133\236\232\214\213\304\117\060}{}% 22
\BOOKMARK [2][-]{subsection.4.1}{\376\377\133\236\232\214\213\276\177\156}{section.4}% 23
\BOOKMARK [1][-]{section.5}{\376\377\176\323\213\272}{}% 24
